# serializer version: 1
# name: test_a_captured_day_replays_to_what_it_did_before[synthetic-drive-tunnel-charge]
  '''
  trips:
    08:07:01 -> 08:35:01  12.6 km  Home -> Unknown
  charging sessions:
    09:00:00 -> 11:02:00  55.0 -> 69.0 %  12.0 kWh  NOCHARGING
  events: ['charging_started', 'charging_stopped']
  --
      0.0  replay header,maxEnergy,status est= 62.00 rate=    - charging=off open=n sessions=0
      1.0  wait                     est= 62.00 rate=    - charging=off open=n sessions=0
      1.0  replay latitude          est= 62.00 rate=    - charging=off open=n sessions=0
      1.0  wait                     est= 62.00 rate=    - charging=off open=n sessions=0
      1.0  replay longitude         est= 62.00 rate=    - charging=off open=n sessions=0
      7.0  wait                     est= 62.00 rate=    - charging=off open=n sessions=0
      7.0  replay latitude          est= 62.00 rate=    - charging=off open=n sessions=0
      7.0  wait                     est= 62.00 rate=    - charging=off open=n sessions=0
      7.0  replay longitude         est= 62.00 rate=    - charging=off open=n sessions=0
      9.0  wait                     est= 62.00 rate=    - charging=off open=n sessions=0
      9.0  replay latitude          est= 62.00 rate=    - charging=off open=n sessions=0
      9.0  wait                     est= 62.00 rate=    - charging=off open=n sessions=0
      9.0  replay longitude         est= 62.00 rate=    - charging=off open=n sessions=0
     11.0  wait                     est= 62.00 rate=    - charging=off open=n sessions=0
     11.0  replay latitude          est= 62.00 rate=    - charging=off open=n sessions=0
     11.0  wait                     est= 62.00 rate=    - charging=off open=n sessions=0
     11.0  replay longitude         est= 62.00 rate=    - charging=off open=n sessions=0
     13.0  wait                     est= 62.00 rate=    - charging=off open=n sessions=0
     13.0  replay latitude          est= 62.00 rate=    - charging=off open=n sessions=0
     13.0  wait                     est= 62.00 rate=    - charging=off open=n sessions=0
     13.0  replay longitude         est= 62.00 rate=    - charging=off open=n sessions=0
     15.0  wait                     est= 62.00 rate=    - charging=off open=n sessions=0
     15.0  replay latitude          est= 62.00 rate=    - charging=off open=n sessions=0
     15.0  wait                     est= 62.00 rate=    - charging=off open=n sessions=0
     15.0  replay longitude         est= 62.00 rate=    - charging=off open=n sessions=0
     27.0  wait                     est= 62.00 rate=    - charging=off open=n sessions=0
     27.0  replay latitude          est= 62.00 rate=    - charging=off open=n sessions=0
     27.0  wait                     est= 62.00 rate=    - charging=off open=n sessions=0
     27.0  replay longitude         est= 62.00 rate=    - charging=off open=n sessions=0
     29.0  wait                     est= 62.00 rate=    - charging=off open=n sessions=0
     29.0  replay latitude          est= 62.00 rate=    - charging=off open=n sessions=0
     29.0  wait                     est= 62.00 rate=    - charging=off open=n sessions=0
     29.0  replay longitude         est= 62.00 rate=    - charging=off open=n sessions=0
     31.0  wait                     est= 62.00 rate=    - charging=off open=n sessions=0
     31.0  replay latitude          est= 62.00 rate=    - charging=off open=n sessions=0
     31.0  wait                     est= 62.00 rate=    - charging=off open=n sessions=0
     31.0  replay longitude         est= 62.00 rate=    - charging=off open=n sessions=0
     33.0  wait                     est= 62.00 rate=    - charging=off open=n sessions=0
     33.0  replay latitude          est= 62.00 rate=    - charging=off open=n sessions=0
     33.0  wait                     est= 62.00 rate=    - charging=off open=n sessions=0
     33.0  replay longitude         est= 62.00 rate=    - charging=off open=n sessions=0
     35.0  wait                     est= 62.00 rate=    - charging=off open=n sessions=0
     35.0  replay latitude          est= 62.00 rate=    - charging=off open=n sessions=0
     35.0  wait                     est= 62.00 rate=    - charging=off open=n sessions=0
     35.0  replay longitude         est= 62.00 rate=    - charging=off open=n sessions=0
     38.0  wait                     est= 62.00 rate=    - charging=off open=n sessions=0
     38.0  replay latitude          est= 62.00 rate=    - charging=off open=n sessions=0
     38.0  wait                     est= 62.00 rate=    - charging=off open=n sessions=0
     38.0  replay longitude         est= 62.00 rate=    - charging=off open=n sessions=0
     60.0  wait                     est= 62.00 rate=    - charging=off open=n sessions=0
     60.0  replay header,power,status,target est= 55.00 rate= 9.87 charging=on  open=y sessions=0 charging_started
     62.0  wait                     est= 55.33 rate= 9.87 charging=on  open=y sessions=0
     62.0  replay power             est= 55.33 rate= 9.80 charging=on  open=y sessions=0
    150.0  wait                     est= 69.70 rate= 9.80 charging=on  open=y sessions=0
    150.0  replay header,status     est= 69.00 rate= 9.80 charging=on  open=y sessions=0
    180.0  wait                     est= 73.90 rate= 9.80 charging=on  open=y sessions=0
    180.0  replay power,status      est= 73.90 rate=    - charging=off open=y sessions=0
    240.0  advance 240              est= 73.90 rate=    - charging=off open=n sessions=1 charging_stopped
  '''
# ---
